?뵇 Gemini 紐⑤뜽 ?≪꽭???뚯뒪???쒖옉...
--------------------------------------------------
???뚯뒪??以? gemini-1.5-flash
???ㅽ뙣: gemini-1.5-flash
   ?먯씤: [GoogleGenerativeAI Error]: Error fetching from https://generativelanguage.googleapis.com/v1beta/models/gemini-1.5-flash:generateContent: [404 Not Found] models/gemini-1.5-flash is not found for API version v1beta, or is not supported for generateContent. Call ListModels to see the list of available models and their supported methods.
--------------------------------------------------
???뚯뒪??以? gemini-1.5-flash-8b
???ㅽ뙣: gemini-1.5-flash-8b
   ?먯씤: [GoogleGenerativeAI Error]: Error fetching from https://generativelanguage.googleapis.com/v1beta/models/gemini-1.5-flash-8b:generateContent: [404 Not Found] models/gemini-1.5-flash-8b is not found for API version v1beta, or is not supported for generateContent. Call ListModels to see the list of available models and their supported methods.
--------------------------------------------------
???뚯뒪??以? gemini-1.5-pro
???ㅽ뙣: gemini-1.5-pro
   ?먯씤: [GoogleGenerativeAI Error]: Error fetching from https://generativelanguage.googleapis.com/v1beta/models/gemini-1.5-pro:generateContent: [404 Not Found] models/gemini-1.5-pro is not found for API version v1beta, or is not supported for generateContent. Call ListModels to see the list of available models and their supported methods.
--------------------------------------------------
???뚯뒪??以? gemini-pro
???ㅽ뙣: gemini-pro
   ?먯씤: [GoogleGenerativeAI Error]: Error fetching from https://generativelanguage.googleapis.com/v1beta/models/gemini-pro:generateContent: [404 Not Found] models/gemini-pro is not found for API version v1beta, or is not supported for generateContent. Call ListModels to see the list of available models and their supported methods.
--------------------------------------------------
???뚯뒪??以? gemini-1.0-pro
???ㅽ뙣: gemini-1.0-pro
   ?먯씤: [GoogleGenerativeAI Error]: Error fetching from https://generativelanguage.googleapis.com/v1beta/models/gemini-1.0-pro:generateContent: [404 Not Found] models/gemini-1.0-pro is not found for API version v1beta, or is not supported for generateContent. Call ListModels to see the list of available models and their supported methods.
--------------------------------------------------
?슚 寃곕줎: ?ъ슜 媛?ν븳 臾대즺/湲곕낯 紐⑤뜽???뺤씤?섏? ?딆븯?듬땲?? API ???쒗븳?닿굅??寃곗젣 ?뺣낫 ?깅줉???꾩슂?????덉뒿?덈떎.
